Execute	.target.bash_output "/usr/bin/lsof -i :tftp -Fc" $["exit":0, "stderr":"", "stdout":"p3316\ncxinetd\n"]
Execute	.target.bash "/sbin/chkconfig -l xinetd | /usr/bin/grep -q '[0-6]:on'" 0
Dir	.etc.xinetd_d.tftp.section: ["tftp"]
Read	.etc.xinetd_d.tftp.value.tftp.disable nil
Read	.etc.xinetd_d.tftp.value.tftp.server_args "-s -v /srv/boot"
Execute	.target.bash "/sbin/chkconfig -l SuSEfirewall2_init | /usr/bin/grep -q '[0-6]:on'" 0
Execute	.target.bash "/sbin/chkconfig -l SuSEfirewall2_setup | /usr/bin/grep -q '[0-6]:on'" 0
Execute	.target.bash "/sbin/service SuSEfirewall2_init status" $["TERM":"raw"] 0
Return	true
Write	.etc.xinetd_d.tftp.value.tftp."{" "" true
Write	.etc.xinetd_d.tftp.value_type.tftp."{" 1 true
Write	.etc.xinetd_d.tftp.value.tftp.disable "no" true
Write	.etc.xinetd_d.tftp.value.tftp.socket_type "dgram" true
Write	.etc.xinetd_d.tftp.value.tftp.protocol "udp" true
Write	.etc.xinetd_d.tftp.value.tftp.wait "yes" true
Write	.etc.xinetd_d.tftp.value.tftp.user "root" true
Write	.etc.xinetd_d.tftp.value.tftp.server "/usr/sbin/in.tftpd" true
Write	.etc.xinetd_d.tftp.value.tftp.server_args "-v -s /srv/boot" true
Write	.etc.xinetd_d.tftp nil true
Execute	.target.mkdir "/srv/boot" 0
Read	.init.scripts.runlevel "xinetd" $["inetd":$["start":[], "stop":[]], "network":$["start":[], "stop":[]], "networkmanager":$["start":["3", "5"], "stop":["3", "5"]], "xinetd":$["start":["3", "5"], "stop":["3", "5"]]]
Read	.init.scripts.comment "xinetd" $["inetd":$[], "network":$[], "networkmanager":$[], "xinetd":$[]]
Execute	.target.bash "/usr/bin/killall in.tftpd" 0
Execute	.target.bash_output "/sbin/service xinetd restart" $["TERM":"raw"] $["exit":0, "stderr":"", "stdout":"p3316\ncxinetd\n"]
Execute	.target.bash "/sbin/service SuSEfirewall2_init status" $["TERM":"raw"] 0
Return	true
